  Reading input spec file from C:\Users\evariste.manirumva\Desktop\MINECOFIN\Modelling\QMFM\main\2024-18-Sept\tunes\tp18cb58f8_e8fe_485c_875e_4aa84e81c7e2.spc

1

               U. S. Department of Commerce, U. S. Census Bureau

             X-13ARIMA-SEATS quarterly seasonal adjustment Method,
                          Release Version 1.1 Build 39


           This software application provides an enhanced version of
             Statistics Canada's X-11-ARIMA extension (Dagum, 1980)
                 of the X-11 variant of the Census Method II of
                      Shiskin, Young and Musgrave (1967).

            It also provides an ARIMA model-based method following
       Hillmer and Tiao (1982) and Burman (1980) that is very similar
       to the update of the method of SEATS (Gomez and Maravall, 1996)
                produced at the Bank of Spain by G. Caporello and
               A. Maravall for TSW (Caporello and Maravall, 2004).
          The present application includes additional enhancements.

         X-13ARIMA-SEATS includes an automatic ARIMA model selection procedure
          based largely on the procedure of Gomez and Maravall (1998)
            as implemented in TRAMO (1996) and subsequent revisions.

              Primary Programmers: Brian Monsell, Mark Otto and,
                 for the ARIMA model-based signal extraction,
                      Gianluca Caporello and Victor Gomez


     Series Title- X-13ARIMA-SEATS run of tp18cb58f8_e8fe_
     Series Name- tp18cb58f8_e8fe_
     Sep 27, 2024  11.37.25 

        -Period covered-  1st quarter,1995 to  2nd quarter,2023
        -Type of run - multiplicative seasonal adjustment

        -Sigma limits for graduating extreme values are  1.5 and  2.5 .
        -3x3 moving average used in section 1 of each iteration, 
         3x5 moving average in section 2 of iterations B and C,
         moving average for final seasonal factors chosen by Global MSR.
        -Spectral estimates of original series, table D11 and table E3 will be searched for 
         signficant seasonal and trading day peaks
        -Spectral plots generated for series starting in 1999.3

 FILE SAVE REQUESTS (* indicates file exists and will be overwritten)
  C:\Users\evariste.manirumva\Desktop\MINECOFIN\Modelling\QMFM\main\2024-18-Sept\tunes\tp18cb58f8_e8fe_485c_875e_4aa84e81c7e2.mdl  model specifications (regression and arima specs)
  C:\Users\evariste.manirumva\Desktop\MINECOFIN\Modelling\QMFM\main\2024-18-Sept\tunes\tp18cb58f8_e8fe_485c_875e_4aa84e81c7e2.fct  point forecasts and prediction intervals on the original scale
  C:\Users\evariste.manirumva\Desktop\MINECOFIN\Modelling\QMFM\main\2024-18-Sept\tunes\tp18cb58f8_e8fe_485c_875e_4aa84e81c7e2.bct  point backcasts and prediction intervals on the original scale
  C:\Users\evariste.manirumva\Desktop\MINECOFIN\Modelling\QMFM\main\2024-18-Sept\tunes\tp18cb58f8_e8fe_485c_875e_4aa84e81c7e2.d11  final seasonally adjusted data
  C:\Users\evariste.manirumva\Desktop\MINECOFIN\Modelling\QMFM\main\2024-18-Sept\tunes\tp18cb58f8_e8fe_485c_875e_4aa84e81c7e2.out  program output file
  C:\Users\evariste.manirumva\Desktop\MINECOFIN\Modelling\QMFM\main\2024-18-Sept\tunes\tp18cb58f8_e8fe_485c_875e_4aa84e81c7e2.err  program error file
        X-13ARIMA-SEATS run of tp18cb58f8_e8fe_            PAGE   1, SERIES tp18cb58f8_e8fe_

     Contents of spc file C:\Users\evariste.manirumva\Desktop\MINECOFIN\Modelling\QMFM\main\2024-18-Sept\tunes\tp18cb58f8_e8fe_485c_875e_4aa84e81c7e2.spc

 Line #
 ------
      1: # X12-ARIMA spec file default template.
      2:  
      3: # -The IRIS Toolbox.
      4: # -Copyright (c) 2007-2013 IRIS Solutions Team.
      5:  
      6: series {
      7:     data = (
      8:         0.06759845
      9:     -99999
     10:     -99999
     11:     -99999
     12:     -99999
     13:     -99999
     14:     -99999
     15:     -99999
     16:     -99999
     17:     -99999
     18:     -99999
     19:     -99999
     20:     -99999
     21:     -99999
     22:     -99999
     23:     -99999
     24:     -99999
     25:     -99999
     26:     -99999
     27:     -99999
     28:     -99999
     29:     -99999
     30:     -99999
     31:     -99999
     32:     -99999
     33:     -99999
     34:     -99999
     35:     -99999
     36:     -99999
     37:     -99999
     38:     -99999
     39:     -99999
     40:     -99999
     41:     -99999
     42:     -99999
     43:     -99999
     44:     0.75428940
     45:     0.77495737
     46:     0.76541613
     47:     0.75712804
     48:     0.87351119
     49:     0.90951292
     50:     0.95079652
     51:     1.01947208
     52:     1.11264740
     53:     1.16757571
     54:     1.10017889
     55:     1.10709378
     56:     1.03925532
     57:     1.04841455
     58:     1.04952259
     59:     1.04858223
     60:     1.07823931
     61:     1.10257890
     62:     1.10101768
     63:     1.05066591
     64:     1.00572147
     65:     1.01511946
     66:     1.00354434
     67:     0.99769894
     68:     0.99548529
     69:     1.03111747
     70:     1.02626578
     71:     1.03196786
     72:     1.00612531
     73:     1.02781400
     74:     1.02370529
     75:     1.03113863
     76:     1.00194468
     77:     1.03806139
     78:     1.02325763
     79:     1.04205148
     80:     1.01762368
     81:     1.03359767
     82:     0.99465623
     83:     0.99951188
     84:     0.99982049
     85:     0.99759038
     86:     0.99892747
     87:     1.00026335
     88:     0.98701152
     89:     0.97242709
     90:     0.99134116
     91:     0.98929138
     92:     0.98393252
     93:     0.98411544
     94:     0.96793666
     95:     0.93984419
     96:     0.95208135
     97:     0.97539712
     98:     0.96831539
     99:     0.97821003
    100:     1.01163548
    101:     1.07180359
    102:     1.05576365
    103:     1.05770791
    104:     1.02162955
    105:     1.02433231
    106:     1.01182979
    107:     1.00346113
    108:     1.03094407
    109:     1.04670251
    110:     0.97726819
    111:     1.00982672
    112:     1.02210686
    113:     1.02340927
    114:     1.02152883
    115:     1.03227962
    116:     1.07039984
    117:     1.08418796
    118:     1.04367816
    119:     1.03321459
    120:     1.00974623
    121:     0.98890798
    122:  
    123:     )
    124:     period = 4
    125:     start = 1995.1
    126:     precision = 5
    127:     decimals = 5
    128:  
    129: }
    130:  
    131: transform {
    132:     function = log
    133: }
    134:  
    135: automdl {
    136:     maxorder = (2 1)
    137: }
    138:  
    139: forecast {
    140:     maxlead = 0
    141:     maxback = 0
    142:     save = (forecasts backcasts)
    143: }
    144:  
    145: estimate {
    146:     tol = 1.000000e-05
    147:     maxiter = 1500
    148:     save = (model)
    149: }
    150:  
    151: #regression regression {
    152: #regression #tdays     variables = ($tdays$)
    153: #regression #dummy     start = $dummy_startyear$.$dummy_startper$
    154: #regression #dummy     user = ($dummy_name$)
    155: #regression #dummy     usertype = $dummy_type$
    156: #regression #dummy     data = (
    157: #regression #dummy     $dummy_data$
    158: #regression #dummy     )
    159: #regression }
    160:  
    161: x11 {
    162:     mode = mult
    163:     save = (d11 )
    164:     appendbcst = no
    165:     appendfcst = no
    166: }
    167:  
        X-13ARIMA-SEATS run of tp18cb58f8_e8fe_            PAGE   2, SERIES tp18cb58f8_e8fe_

 A 1  Time series data (for the span analyzed)
  From      1995.1 to 2023.2
  Observations        114
 -------------------------------------------------------------
                  1st          2nd          3rd          4th 
 -------------------------------------------------------------
  1995         0.06760 ************ ************ ************
 
  1996    ************ ************ ************ ************
 
  1997    ************ ************ ************ ************
 
  1998    ************ ************ ************ ************
 
  1999    ************ ************ ************ ************
 
  2000    ************ ************ ************ ************
 
  2001    ************ ************ ************ ************
 
  2002    ************ ************ ************ ************
 
  2003    ************ ************ ************ ************
 
  2004         0.75429      0.77496      0.76542      0.75713
 
  2005         0.87351      0.90951      0.95080      1.01947
 
  2006         1.11265      1.16758      1.10018      1.10709
 
  2007         1.03926      1.04841      1.04952      1.04858
 
  2008         1.07824      1.10258      1.10102      1.05067
 
  2009         1.00572      1.01512      1.00354      0.99770
 
  2010         0.99549      1.03112      1.02627      1.03197
 
  2011         1.00613      1.02781      1.02371      1.03114
 
  2012         1.00194      1.03806      1.02326      1.04205
 
  2013         1.01762      1.03360      0.99466      0.99951
 
  2014         0.99982      0.99759      0.99893      1.00026
 
  2015         0.98701      0.97243      0.99134      0.98929
 
  2016         0.98393      0.98412      0.96794      0.93984
 
  2017         0.95208      0.97540      0.96832      0.97821
 
  2018         1.01164      1.07180      1.05576      1.05771
 
  2019         1.02163      1.02433      1.01183      1.00346
 
  2020         1.03094      1.04670      0.97727      1.00983
 
  2021         1.02211      1.02341      1.02153      1.03228
 
  2022         1.07040      1.08419      1.04368      1.03321
 
  2023         1.00975      0.98891                          
 
        X-13ARIMA-SEATS run of tp18cb58f8_e8fe_            PAGE   3, SERIES tp18cb58f8_e8fe_
                        Automatic ARIMA Model Selection

                    Procedure based closely on TRAMO method 
                         of Gomez and Maravall (2000)
              "Automatic Modeling Methods for Univariate Series",
                            A Course in Time Series
                  (Edited by D. Pena, G. C. Tiao, R. S. Tsay),
                         New York : J. Wiley and Sons


     Maximum order for regular ARMA parameters :   2
     Maximum order for seasonal ARMA parameters :   1
     Maximum order for regular differencing :   2
     Maximum order for seasonal differencing :   1

   Results of Unit Root Test for identifying orders of differencing:
     Regular difference order :   1
     Seasonal difference order :   1

     Mean is significant.

  Automatic model choice : (2 1 2)(0 1 1)


  Final Checks for Identified Model


  Checking for Unit Roots.
   Regular unit root found.
   ( 1, 2, 2) ( 0, 1, 1)

  Checking for nonseasonal overdifferencing.
   Reduce order of nonseasonal MA, nonseasonal differencing.
   ( 1, 1, 1) ( 0, 1, 1)

  Checking for insignificant ARMA coefficients.

  Final automatic model choice : (1 1 1)(0 1 1)
   End of automatic model selection procedure.

 Average absolute percentage error in within-sample forecasts:
  Last year:   4.27      Last-1 year:   6.67     Last-2 year:   1.91
  Last three years:    4.29

 Estimation converged in   55 ARMA iterations,  780 function evaluations.

 Regression Model
 ------------------------------------------------------------------------------
                             Parameter        Standard
 Variable                     Estimate           Error      t-value
 ------------------------------------------------------------------------------
 Missing Value
   MV1995.2                    23.3221         0.03190       731.00
   MV1995.3                    23.2601         0.04706       494.24
   MV1995.4                    23.1843         0.05815       398.68
   MV1996.1                    23.0726         0.06688       344.99
   MV1996.2                    22.9803         0.07950       289.05
   MV1996.3                    22.9218         0.08924       256.84
   MV1996.4                    22.8496         0.09657       236.62
   MV1997.1                    22.7417         0.10212       222.70
   MV1997.2                    22.6535         0.10978       206.35
   MV1997.3                    22.5991         0.11560       195.50
   MV1997.4                    22.5311         0.11967       188.28
   MV1998.1                    22.4277         0.12235       183.31
   MV1998.2                    22.3439         0.12656       176.54
   MV1998.3                    22.2942         0.12930       172.43
   MV1998.4                    22.2309         0.13058       170.25
   MV1999.1                    22.1322         0.13065       169.40
   MV1999.2                    22.0534         0.13203       167.04
   MV1999.3                    22.0086         0.13207       166.65
   MV1999.4                    21.9504         0.13079       167.83
   MV2000.1                    21.8568         0.12840       170.23
   MV2000.2                    21.7833         0.12723       171.21
   MV2000.3                    21.7439         0.12478       174.26
   MV2000.4                    21.6911         0.12104       179.20
   MV2001.1                    21.6029         0.11618       185.95
   MV2001.2                    21.5351         0.11260       191.25
   MV2001.3                    21.5015         0.10768       199.67
   MV2001.4                    21.4546         0.10139       211.61
   MV2002.1                    21.3724         0.09382       227.80
   MV2002.2                    21.3109         0.08774       242.90
   MV2002.3                    21.2837         0.08009       265.75
   MV2002.4                    21.2436         0.07074       300.30
   MV2003.1                    21.1688         0.05964       354.94
   MV2003.2                    21.1152         0.05058       417.47
   MV2003.3                    21.0970         0.03950       534.09
   MV2003.4                    21.0674         0.02577       817.54

 Constant                      -0.0036         0.00129        -2.78
 ------------------------------------------------------------------------------


 Chi-squared Tests for Groups of Regressors
 ------------------------------------------------------------------------------
 Regression Effect                  df      Chi-Square      P-Value
 ------------------------------------------------------------------------------
 Missing Value                      35      1541047.88         0.00
 ------------------------------------------------------------------------------


 ARIMA Model:  (1 1 1)(0 1 1)
   Nonseasonal differences: 1
   Seasonal differences:    1
                                              Standard
 Parameter                    Estimate          Errors
 -----------------------------------------------------
 Nonseasonal AR                                    
   Lag  1                       0.6421         0.25661

 Nonseasonal MA                                    
   Lag  1                       0.4164         0.29634

 Seasonal MA                                       
   Lag  4                       0.7244         0.07474

 Variance                       0.70580E-03
 SE of Var                      0.95605E-04
 -----------------------------------------------------

 Likelihood Statistics
 ------------------------------------------------------------------
 Number of observations (nobs)                                  114
 Effective number of observations (nefobs)                      109
 Number of parameters estimated (np)                             40
 Log likelihood                                            239.3692
 Transformation Adjustment                                -642.6946
 Adjusted Log likelihood (L)                              -403.3254
 AIC                                                       886.6508 
 AICC (F-corrected-AIC)                                    934.8861 
 Hannan Quinn                                              930.3084 
 BIC                                                       994.3047 
 ------------------------------------------------------------------

 QS Statistic for regARIMA Model Residuals (full series):             0.00
                                                       (P-Value =     1.0000)

 QS Statistic for regARIMA Model Residuals (starting 1999.3):         0.00
                                                       (P-Value =     1.0000)
        X-13ARIMA-SEATS run of tp18cb58f8_e8fe_            PAGE   4, SERIES tp18cb58f8_e8fe_

 MV 1  Original series adjusted for missing value regressors
  From      1995.1 to 2023.2
  Observations        114
 ------------------------------------------------------------------------------
                  1st          2nd          3rd          4th           TOTAL  
 ------------------------------------------------------------------------------
  1995         0.06760      0.07436      0.07911      0.08535          0.30642
 
  1996         0.09543      0.10466      0.11097      0.11928          0.43033
 
  1997         0.13286      0.14512      0.15323      0.16400          0.59521
 
  1998         0.18188      0.19776      0.20785      0.22143          0.80892
 
  1999         0.24441      0.26444      0.27655      0.29313          1.07853
 
  2000         0.32190      0.34646      0.36038      0.37992          1.40866
 
  2001         0.41492      0.44404      0.45923      0.48129          1.79947
 
  2002         0.52248      0.55565      0.57093      0.59431          2.24337
 
  2003         0.64051      0.67575      0.68814      0.70885          2.71325
 
  2004         0.75429      0.77496      0.76542      0.75713          3.05179
 
  2005         0.87351      0.90951      0.95080      1.01947          3.75329
 
  2006         1.11265      1.16758      1.10018      1.10709          4.48750
 
  2007         1.03926      1.04841      1.04952      1.04858          4.18577
 
  2008         1.07824      1.10258      1.10102      1.05067          4.33250
 
  2009         1.00572      1.01512      1.00354      0.99770          4.02208
 
  2010         0.99549      1.03112      1.02627      1.03197          4.08484
 
  2011         1.00613      1.02781      1.02371      1.03114          4.08878
 
  2012         1.00194      1.03806      1.02326      1.04205          4.10532
 
  2013         1.01762      1.03360      0.99466      0.99951          4.04539
 
  2014         0.99982      0.99759      0.99893      1.00026          3.99660
 
  2015         0.98701      0.97243      0.99134      0.98929          3.94007
 
  2016         0.98393      0.98412      0.96794      0.93984          3.87583
 
  2017         0.95208      0.97540      0.96832      0.97821          3.87400
 
  2018         1.01164      1.07180      1.05576      1.05771          4.19691
 
  2019         1.02163      1.02433      1.01183      1.00346          4.06125
 
  2020         1.03094      1.04670      0.97727      1.00983          4.06474
 
  2021         1.02211      1.02341      1.02153      1.03228          4.09932
 
  2022         1.07040      1.08419      1.04368      1.03321          4.23148
 
  2023         1.00975      0.98891                                    1.99865
 
  AVGE         0.77918      0.79744      0.78505      0.79203

  Table Total-            89.88   Mean-           0.79   Std. Dev.-           0.34
                                  Min -           0.07        Max -           1.17
        X-13ARIMA-SEATS run of tp18cb58f8_e8fe_            PAGE   5, SERIES tp18cb58f8_e8fe_
  
 A 8  RegARIMA combined outlier component
      (AO outliers included)
  From      1995.1 to 2023.2
  Observations        114
 ------------------------------------------------------------------------------
                  1st          2nd          3rd          4th            AVGE  
 ------------------------------------------------------------------------------
  1995       100.00000    100.00000    100.00000    100.00000        100.00000
 
  1996       100.00000    100.00000    100.00000    100.00000        100.00000
 
  1997       100.00000    100.00000    100.00000    100.00000        100.00000
 
  1998       100.00000    100.00000    100.00000    100.00000        100.00000
 
  1999       100.00000    100.00000    100.00000    100.00000        100.00000
 
  2000       100.00000    100.00000    100.00000    100.00000        100.00000
 
  2001       100.00000    100.00000    100.00000    100.00000        100.00000
 
  2002       100.00000    100.00000    100.00000    100.00000        100.00000
 
  2003       100.00000    100.00000    100.00000    100.00000        100.00000
 
  2004       100.00000    100.00000    100.00000    100.00000        100.00000
 
  2005       100.00000    100.00000    100.00000    100.00000        100.00000
 
  2006       100.00000    100.00000    100.00000    100.00000        100.00000
 
  2007       100.00000    100.00000    100.00000    100.00000        100.00000
 
  2008       100.00000    100.00000    100.00000    100.00000        100.00000
 
  2009       100.00000    100.00000    100.00000    100.00000        100.00000
 
  2010       100.00000    100.00000    100.00000    100.00000        100.00000
 
  2011       100.00000    100.00000    100.00000    100.00000        100.00000
 
  2012       100.00000    100.00000    100.00000    100.00000        100.00000
 
  2013       100.00000    100.00000    100.00000    100.00000        100.00000
 
  2014       100.00000    100.00000    100.00000    100.00000        100.00000
 
  2015       100.00000    100.00000    100.00000    100.00000        100.00000
 
  2016       100.00000    100.00000    100.00000    100.00000        100.00000
 
  2017       100.00000    100.00000    100.00000    100.00000        100.00000
 
  2018       100.00000    100.00000    100.00000    100.00000        100.00000
 
  2019       100.00000    100.00000    100.00000    100.00000        100.00000
 
  2020       100.00000    100.00000    100.00000    100.00000        100.00000
 
  2021       100.00000    100.00000    100.00000    100.00000        100.00000
 
  2022       100.00000    100.00000    100.00000    100.00000        100.00000
 
  2023       100.00000    100.00000                                  100.00000
 
  AVGE       100.00000    100.00000    100.00000    100.00000

  Table Total-         11400.00   Mean-         100.00   Std. Dev.-           0.00
                                  Min -         100.00        Max -         100.00

 A 8.A  RegARIMA outlier component
  From      2023.3 to 2024.2
  Observations          4
 ------------------------------------------------------------------------------
                  1st          2nd          3rd          4th            AVGE  
 ------------------------------------------------------------------------------
  2023                                 100.00000    100.00000        100.00000
 
  2024       100.00000    100.00000                                  100.00000
 
        X-13ARIMA-SEATS run of tp18cb58f8_e8fe_            PAGE   6, SERIES tp18cb58f8_e8fe_
  
 B 1  Original series (prior adjusted)
      (adjusted for regARIMA factors)
  From      1995.1 to 2023.2
  Observations        114
 ------------------------------------------------------------------------------
                  1st          2nd          3rd          4th           TOTAL  
 ------------------------------------------------------------------------------
  1995         0.06760      0.07436      0.07911      0.08535          0.30642
 
  1996         0.09543      0.10466      0.11097      0.11928          0.43033
 
  1997         0.13286      0.14512      0.15323      0.16400          0.59521
 
  1998         0.18188      0.19776      0.20785      0.22143          0.80892
 
  1999         0.24441      0.26444      0.27655      0.29313          1.07853
 
  2000         0.32190      0.34646      0.36038      0.37992          1.40866
 
  2001         0.41492      0.44404      0.45923      0.48129          1.79947
 
  2002         0.52248      0.55565      0.57093      0.59431          2.24337
 
  2003         0.64051      0.67575      0.68814      0.70885          2.71325
 
  2004         0.75429      0.77496      0.76542      0.75713          3.05179
 
  2005         0.87351      0.90951      0.95080      1.01947          3.75329
 
  2006         1.11265      1.16758      1.10018      1.10709          4.48750
 
  2007         1.03926      1.04841      1.04952      1.04858          4.18577
 
  2008         1.07824      1.10258      1.10102      1.05067          4.33250
 
  2009         1.00572      1.01512      1.00354      0.99770          4.02208
 
  2010         0.99549      1.03112      1.02627      1.03197          4.08484
 
  2011         1.00613      1.02781      1.02371      1.03114          4.08878
 
  2012         1.00194      1.03806      1.02326      1.04205          4.10532
 
  2013         1.01762      1.03360      0.99466      0.99951          4.04539
 
  2014         0.99982      0.99759      0.99893      1.00026          3.99660
 
  2015         0.98701      0.97243      0.99134      0.98929          3.94007
 
  2016         0.98393      0.98412      0.96794      0.93984          3.87583
 
  2017         0.95208      0.97540      0.96832      0.97821          3.87400
 
  2018         1.01164      1.07180      1.05576      1.05771          4.19691
 
  2019         1.02163      1.02433      1.01183      1.00346          4.06125
 
  2020         1.03094      1.04670      0.97727      1.00983          4.06474
 
  2021         1.02211      1.02341      1.02153      1.03228          4.09932
 
  2022         1.07040      1.08419      1.04368      1.03321          4.23148
 
  2023         1.00975      0.98891                                    1.99865
 
  AVGE         0.77918      0.79744      0.78505      0.79203

  Table Total-            89.88   Mean-           0.79   Std. Dev.-           0.34
                                  Min -           0.07        Max -           1.17
        X-13ARIMA-SEATS run of tp18cb58f8_e8fe_            PAGE   7, SERIES tp18cb58f8_e8fe_

 C 17  Final weights for irregular component
  From      1995.1 to 2023.2
  Observations        114
  Lower sigma limit    1.50
  Upper sigma limit    2.50
 ------------------------------------------------------------------------------
                  1st          2nd          3rd          4th            S.D.  
 ------------------------------------------------------------------------------
  1995         0.00000      0.00000      0.00000    100.00000          0.01314
 
  1996        99.29594    100.00000    100.00000    100.00000          0.01314
 
  1997       100.00000    100.00000    100.00000    100.00000          0.01314
 
  1998       100.00000    100.00000    100.00000    100.00000          0.01497
 
  1999       100.00000    100.00000    100.00000    100.00000          0.04289
 
  2000       100.00000    100.00000    100.00000    100.00000          0.06203
 
  2001       100.00000    100.00000    100.00000     34.17953          0.07579
 
  2002       100.00000    100.00000    100.00000    100.00000          0.61676
 
  2003       100.00000    100.00000    100.00000    100.00000          0.64131
 
  2004       100.00000    100.00000    100.00000      0.00000          1.00459
 
  2005         0.00000    100.00000    100.00000    100.00000          1.06407
 
  2006       100.00000    100.00000     23.77909     65.72325          1.10753
 
  2007       100.00000    100.00000    100.00000    100.00000          0.92282
 
  2008       100.00000    100.00000    100.00000    100.00000          0.89751
 
  2009       100.00000    100.00000    100.00000    100.00000          0.50019
 
  2010       100.00000    100.00000    100.00000    100.00000          0.42694
 
  2011       100.00000    100.00000    100.00000    100.00000          0.36528
 
  2012       100.00000    100.00000    100.00000    100.00000          0.42351
 
  2013       100.00000    100.00000     98.58749    100.00000          0.43556
 
  2014        83.03880     87.04630    100.00000    100.00000          0.47308
 
  2015       100.00000      0.00000    100.00000    100.00000          0.42112
 
  2016       100.00000    100.00000    100.00000     95.94383          0.48328
 
  2017       100.00000    100.00000    100.00000    100.00000          0.49078
 
  2018       100.00000    100.00000    100.00000     80.34206          0.53070
 
  2019       100.00000    100.00000    100.00000    100.00000          0.53769
 
  2020       100.00000    100.00000      0.00000    100.00000          0.55624
 
  2021       100.00000    100.00000    100.00000    100.00000          0.53408
 
  2022       100.00000    100.00000    100.00000    100.00000          0.53408
 
  2023       100.00000    100.00000                                    0.53408
 
        X-13ARIMA-SEATS run of tp18cb58f8_e8fe_            PAGE   8, SERIES tp18cb58f8_e8fe_

 D 8  Final unmodified SI ratios
  From      1995.1 to 2023.2
  Observations        114
 ------------------------------------------------------------------------------
                  1st          2nd          3rd          4th            AVGE  
 ------------------------------------------------------------------------------
  1995       101.06010    101.53793     99.17026     98.17560         99.98597
 
  1996       100.82967    101.73360     99.25339     98.18458        100.00031
 
  1997       100.82800    101.72678     99.25342     98.19042         99.99966
 
  1998       100.83096    101.72074     99.25102     98.19482         99.99938
 
  1999       100.83708    101.71976     99.24558     98.19298         99.99885
 
  2000       100.84259    101.72110     99.23936     98.19044         99.99837
 
  2001       100.84758    101.70672     99.25112     98.25962        100.01626
 
  2002       100.93976    101.73990     99.16400     98.14928         99.99823
 
  2003       100.94512    101.76202     99.08115     98.00234         99.94766
 
  2004       101.19590    101.93985     99.10921     95.25812         99.37577
 
  2005       104.54667    101.89500     99.09505     98.35236        100.97227
 
  2006       100.35799    102.29233     97.00163    100.82288        100.11871
 
  2007        98.46355    101.31879    100.67737     98.77008         99.80745
 
  2008        99.57266    100.57410    101.33348     99.41288        100.22328
 
  2009        98.32804    101.07081    100.64260     99.80571         99.96179
 
  2010        98.52263    101.14258    100.16558    100.54686        100.09441
 
  2011        98.39347    100.80317    100.03223    100.80790        100.00919
 
  2012        98.18009    101.42393     99.28542    100.91220         99.95041
 
  2013        98.66940    101.38645     99.12397    100.18912         99.84224
 
  2014       100.09463     99.98222    100.01043    100.10905        100.04908
 
  2015        99.56214     98.48591    100.06703     99.60284         99.42948
 
  2016        99.68435    100.75740    100.55902     98.60746         99.90206
 
  2017        99.75928    101.43404     99.88746     99.02635        100.02678
 
  2018        99.19777    102.20566     99.16890    100.14191        100.17856
 
  2019        99.18685    101.22333     99.96096     98.58555         99.73917
 
  2020       100.40174    101.82579     95.87831     99.36067         99.36663
 
  2021       100.77977    100.74880     99.37715     98.74576         99.91287
 
  2022       100.86093    101.51764     98.52759     99.67930        100.14636
 
  2023       100.38889    101.54440                                  100.96665
 
  AVGE       100.14164    101.34278     99.38617     99.00990

  Table Total-         11398.14   Mean-          99.98   Std. Dev.-           1.40
                                  Min -          95.26        Max -         104.55
        X-13ARIMA-SEATS run of tp18cb58f8_e8fe_            PAGE   9, SERIES tp18cb58f8_e8fe_

 D 8.A  F-tests for seasonality

    Test for the presence of seasonality assuming stability.

                           Sum of     Dgrs.of         Mean
                          Squares     Freedom        Square       F-Value
  Between quarters          90.8392        3         30.27972      25.143**
          Residual         132.4719      110          1.20429
             Total         223.3110      113

            **Seasonality present at the 0.1 per cent level.


  Nonparametric Test for the Presence of Seasonality Assuming Stability

                 Kruskal-Wallis      Degrees of    Probability
                   Statistic        Freedom         Level

                      54.2582           3            0.000%

            Seasonality present at the one percent level.


  Moving Seasonality Test
                         Sum of     Dgrs.of         Mean
                        Squares     Freedom        Square       F-value
   Between Years          22.6182       27         0.837710       1.466  
           Error          46.2889       81         0.571468

            No evidence of moving seasonality at the five percent level.


  COMBINED TEST FOR THE PRESENCE OF IDENTIFIABLE SEASONALITY


            IDENTIFIABLE SEASONALITY PRESENT
        X-13ARIMA-SEATS run of tp18cb58f8_e8fe_            PAGE  10, SERIES tp18cb58f8_e8fe_

 D 8.B  Final unmodified SI ratios, with labels for outliers and extreme values
  From      1995.1 to 2023.2
  Observations        114
 -----------------------------------------------------------------
                  1st           2nd           3rd           4th  
 -----------------------------------------------------------------
  1995      101.06010*    101.53793*     99.17026*     98.17560  
 
  1996      100.82967*    101.73360      99.25339      98.18458  
 
  1997      100.82800     101.72678      99.25342      98.19042  
 
  1998      100.83096     101.72074      99.25102      98.19482  
 
  1999      100.83708     101.71976      99.24558      98.19298  
 
  2000      100.84259     101.72110      99.23936      98.19044  
 
  2001      100.84758     101.70672      99.25112      98.25962* 
 
  2002      100.93976     101.73990      99.16400      98.14928  
 
  2003      100.94512     101.76202      99.08115      98.00234  
 
  2004      101.19590     101.93985      99.10921      95.25812* 
 
  2005      104.54667*    101.89500      99.09505      98.35236  
 
  2006      100.35799     102.29233      97.00163*    100.82288* 
 
  2007       98.46355     101.31879     100.67737      98.77008  
 
  2008       99.57266     100.57410     101.33348      99.41288  
 
  2009       98.32804     101.07081     100.64260      99.80571  
 
  2010       98.52263     101.14258     100.16558     100.54686  
 
  2011       98.39347     100.80317     100.03223     100.80790  
 
  2012       98.18009     101.42393      99.28542     100.91220  
 
  2013       98.66940     101.38645      99.12397*    100.18912  
 
  2014      100.09463*     99.98222*    100.01043     100.10905  
 
  2015       99.56214      98.48591*    100.06703      99.60284  
 
  2016       99.68435     100.75740     100.55902      98.60746* 
 
  2017       99.75928     101.43404      99.88746      99.02635  
 
  2018       99.19777     102.20566      99.16890     100.14191* 
 
  2019       99.18685     101.22333      99.96096      98.58555  
 
  2020      100.40174     101.82579      95.87831*     99.36067  
 
  2021      100.77977     100.74880      99.37715      98.74576  
 
  2022      100.86093     101.51764      98.52759      99.67930  
 
  2023      100.38889     101.54440                              
 

  Key to symbols:
    *  : extreme value as determined by X-11 extreme value procedure
 
        X-13ARIMA-SEATS run of tp18cb58f8_e8fe_            PAGE  11, SERIES tp18cb58f8_e8fe_

 D 9  Final replacement values for SI ratios
  From      1995.1 to 2023.2
  Observations        114
 -------------------------------------------------------------
                  1st          2nd          3rd          4th 
 -------------------------------------------------------------
  1995       100.88220    101.69886     99.20980 ************
 
  1996       100.82981 ************ ************ ************
 
  1997    ************ ************ ************ ************
 
  1998    ************ ************ ************ ************
 
  1999    ************ ************ ************ ************
 
  2000    ************ ************ ************ ************
 
  2001    ************ ************ ************     98.15400
 
  2002    ************ ************ ************ ************
 
  2003    ************ ************ ************ ************
 
  2004    ************ ************ ************     97.89926
 
  2005       100.78713 ************ ************ ************
 
  2006    ************ ************     98.90166    100.13167
 
  2007    ************ ************ ************ ************
 
  2008    ************ ************ ************ ************
 
  2009    ************ ************ ************ ************
 
  2010    ************ ************ ************ ************
 
  2011    ************ ************ ************ ************
 
  2012    ************ ************ ************ ************
 
  2013    ************ ************     99.13327 ************
 
  2014        99.96158    100.08284 ************ ************
 
  2015    ************    100.45365 ************ ************
 
  2016    ************ ************ ************     98.63746
 
  2017    ************ ************ ************ ************
 
  2018    ************ ************ ************     99.96625
 
  2019    ************ ************ ************ ************
 
  2020    ************ ************     98.55240 ************
 
  2021    ************ ************ ************ ************
 
  2022    ************ ************ ************ ************
 
  2023    ************ ************                          
 

 D 9.A  Moving seasonality ratio
 -------------------------------------------------------------
                  1st          2nd          3rd          4th 
 -------------------------------------------------------------
   I             0.404        0.381        0.441        0.466
   S             0.166        0.074        0.100        0.141
 RATIO           2.432        5.169        4.415        3.297



        X-13ARIMA-SEATS run of tp18cb58f8_e8fe_            PAGE  12, SERIES tp18cb58f8_e8fe_

 D 10  Final seasonal factors
  From      1995.1 to 2023.2
  Observations        114
  Seasonal filter    3 x 5 moving average
 ------------------------------------------------------------------------------
                  1st          2nd          3rd          4th            AVGE  
 ------------------------------------------------------------------------------
  1995       100.84695    101.72255     99.24329     98.18793        100.00018
 
  1996       100.84582    101.72238     99.24428     98.18922        100.00043
 
  1997       100.84187    101.72338     99.24624     98.19034        100.00046
 
  1998       100.83946    101.72290     99.24750     98.18787         99.99944
 
  1999       100.84422    101.72341     99.24243     98.18175         99.99795
 
  2000       100.85958    101.72781     99.22638     98.16070         99.99362
 
  2001       100.89409    101.74496     99.20244     98.12801         99.99237
 
  2002       100.92356    101.77438     99.17611     98.11054         99.99615
 
  2003       100.91235    101.82400     99.12432     98.25237        100.02826
 
  2004       100.72171    101.83570     99.18504     98.45122        100.04842
 
  2005       100.43889    101.74309     99.39828     98.73573        100.07900
 
  2006       100.00485    101.57664     99.74901     98.99693        100.08186
 
  2007        99.57603    101.38494    100.06004     99.35940        100.09510
 
  2008        99.10937    101.20007    100.31566     99.65517        100.07006
 
  2009        98.80182    101.07359    100.37203     99.96749        100.05373
 
  2010        98.58404    101.06716    100.22118    100.18612        100.01463
 
  2011        98.60352    101.06987     99.93902    100.39584        100.00206
 
  2012        98.71248    101.01807     99.75684    100.40697         99.97359
 
  2013        98.96341    100.89142     99.75656    100.22510         99.95912
 
  2014        99.21102    100.83790     99.84257     99.90083         99.94808
 
  2015        99.43291    100.87826     99.91965     99.62230         99.96328
 
  2016        99.52341    101.01068     99.96072     99.37684         99.96791
 
  2017        99.56589    101.23979     99.84728     99.23500         99.97199
 
  2018        99.65089    101.42203     99.66088     99.11447         99.96207
 
  2019        99.86287    101.52093     99.37183     99.14441         99.97501
 
  2020       100.08892    101.47508     99.19403     99.12857         99.97165
 
  2021       100.32368    101.42987     99.02747     99.14467         99.98142
 
  2022       100.50128    101.35409     98.96538     99.12393         99.98617
 
  2023       100.59824    101.31627                                  100.95726
 
  AVGE       100.00287    101.41487     99.55345     99.06285

  Table Total-         11402.37   Mean-         100.02   Std. Dev.-           1.07
                                  Min -          98.11        Max -         101.84

 D 10.A  Final seasonal component forecasts
  From      2023.3 to 2024.2
  Observations          4
 ------------------------------------------------------------------------------
                  1st          2nd          3rd          4th            AVGE  
 ------------------------------------------------------------------------------
  2023                                  98.93434     99.11355         99.02395
 
  2024       100.64672    101.29736                                  100.97204
 
        X-13ARIMA-SEATS run of tp18cb58f8_e8fe_            PAGE  13, SERIES tp18cb58f8_e8fe_

 D 11  Final seasonally adjusted data
  From      1995.1 to 2023.2
  Observations        114
 ------------------------------------------------------------------------------
                  1st          2nd          3rd          4th           TOTAL  
 ------------------------------------------------------------------------------
  1995         0.06703      0.07310      0.07972      0.08692          0.30677
 
  1996         0.09463      0.10289      0.11181      0.12148          0.43081
 
  1997         0.13175      0.14266      0.15439      0.16702          0.59583
 
  1998         0.18037      0.19441      0.20943      0.22551          0.80972
 
  1999         0.24236      0.25996      0.27866      0.29856          1.07955
 
  2000         0.31916      0.34057      0.36319      0.38704          1.40996
 
  2001         0.41124      0.43642      0.46292      0.49047          1.80106
 
  2002         0.51770      0.54596      0.57568      0.60575          2.24508
 
  2003         0.63472      0.66365      0.69421      0.72146          2.71404
 
  2004         0.74888      0.76099      0.77171      0.76904          3.05062
 
  2005         0.86969      0.89393      0.95655      1.03253          3.75270
 
  2006         1.11259      1.14945      1.10295      1.11831          4.48330
 
  2007         1.04368      1.03409      1.04889      1.05534          4.18201
 
  2008         1.08793      1.08950      1.09755      1.05430          4.32929
 
  2009         1.01792      1.00434      0.99982      0.99802          4.02010
 
  2010         1.00978      1.02023      1.02400      1.03005          4.08407
 
  2011         1.02037      1.01693      1.02433      1.02707          4.08871
 
  2012         1.01501      1.02760      1.02575      1.03783          4.10619
 
  2013         1.02828      1.02447      0.99708      0.99727          4.04710
 
  2014         1.00777      0.98930      1.00050      1.00126          3.99883
 
  2015         0.99264      0.96396      0.99214      0.99304          3.94178
 
  2016         0.98864      0.97427      0.96832      0.94574          3.87697
 
  2017         0.95623      0.96345      0.96980      0.98575          3.87523
 
  2018         1.01518      1.05678      1.05936      1.06716          4.19847
 
  2019         1.02303      1.00899      1.01823      1.01212          4.06237
 
  2020         1.03003      1.03149      0.98521      1.01870          4.06543
 
  2021         1.01881      1.00898      1.03156      1.04119          4.10054
 
  2022         1.06506      1.06970      1.05459      1.04235          4.23170
 
  2023         1.00374      0.97606                                    1.97980
 
  AVGE         0.78118      0.78704      0.78780      0.79755

  Table Total-            89.87   Mean-           0.79   Std. Dev.-           0.34
                                  Min -           0.07        Max -           1.15

                    Test for the presence of residual seasonality.

       No evidence of residual seasonality in the entire series at the
            1 per cent level.  F =      0.14

       No evidence of residual seasonality in the last 3 years at the
            1 per cent level.  F =      0.45

       No evidence of residual seasonality in the last 3 years at the
            5 per cent level.

 Note: sudden large changes in the level of the adjusted series will
       invalidate the results of this test for the last three year period.
        X-13ARIMA-SEATS run of tp18cb58f8_e8fe_            PAGE  14, SERIES tp18cb58f8_e8fe_

 D 12  Final trend cycle
  From      1995.1 to 2023.2
  Observations        114
  Trend filter     5-term Henderson moving average
  I/C ratio        0.15
 ------------------------------------------------------------------------------
                  1st          2nd          3rd          4th           TOTAL  
 ------------------------------------------------------------------------------
  1995         0.06687      0.07324      0.07979      0.08691          0.30681
 
  1996         0.09462      0.10289      0.11183      0.12147          0.43081
 
  1997         0.13174      0.14267      0.15441      0.16701          0.59583
 
  1998         0.18035      0.19443      0.20946      0.22549          0.80972
 
  1999         0.24233      0.25998      0.27871      0.29851          1.07954
 
  2000         0.31914      0.34060      0.36326      0.38693          1.40992
 
  2001         0.41126      0.43651      0.46285      0.48997          1.80059
 
  2002         0.51761      0.54611      0.57570      0.60557          2.24499
 
  2003         0.63468      0.66414      0.69359      0.72286          2.71526
 
  2004         0.74672      0.76133      0.77081      0.79355          3.07241
 
  2005         0.83683      0.89345      0.95769      1.03532          3.72329
 
  2006         1.11048      1.14275      1.13460      1.09783          4.48566
 
  2007         1.05421      1.03407      1.04396      1.06207          4.19431
 
  2008         1.08098      1.09650      1.08904      1.05740          4.32392
 
  2009         1.02010      1.00380      0.99856      0.99991          4.02237
 
  2010         1.00908      1.01918      1.02598      1.02712          4.08136
 
  2011         1.02165      1.01841      1.02394      1.02343          4.08743
 
  2012         1.02078      1.02265      1.03044      1.03321          4.10708
 
  2013         1.03243      1.01859      1.00225      0.99845          4.05172
 
  2014         1.00012      0.99672      0.99787      1.00063          3.99533
 
  2015         0.99186      0.98656      0.99000      0.99358          3.96201
 
  2016         0.98695      0.97744      0.96291      0.95222          3.87952
 
  2017         0.95347      0.96284      0.97028      0.98613          3.87272
 
  2018         1.01884      1.04991      1.06625      1.05589          4.19089
 
  2019         1.02900      1.01146      1.01250      1.01798          4.07095
 
  2020         1.02734      1.02790      1.01825      1.01674          4.09023
 
  2021         1.01541      1.01542      1.02623      1.04564          4.10270
 
  2022         1.06264      1.06800      1.05840      1.03746          4.22650
 
  2023         1.00712      0.97406                                    1.98117
 
  AVGE         0.78016      0.78764      0.78963      0.79783

  Table Total-            89.92   Mean-           0.79   Std. Dev.-           0.35
                                  Min -           0.07        Max -           1.14
        X-13ARIMA-SEATS run of tp18cb58f8_e8fe_            PAGE  15, SERIES tp18cb58f8_e8fe_

 D 13  Final irregular component
  From      1995.1 to 2023.2
  Observations        114
 ------------------------------------------------------------------------------
                  1st          2nd          3rd          4th            S.D.  
 ------------------------------------------------------------------------------
  1995       100.23792     99.80678     99.91112    100.01119          0.15966
 
  1996       100.00739     99.99649     99.98705    100.00962          0.00904
 
  1997       100.00855     99.99471     99.98717    100.00803          0.00908
 
  1998       100.01096     99.99406     99.98539    100.01017          0.01087
 
  1999       100.01015     99.99343     99.98421    100.01515          0.01250
 
  2000       100.00619     99.99206     99.98199    100.02837          0.01754
 
  2001        99.99488     99.98105    100.01577    100.10124          0.05216
 
  2002       100.01648     99.97264     99.99527    100.03057          0.02223
 
  2003       100.00735     99.92636    100.08965     99.80701          0.11265
 
  2004       100.28942     99.95554    100.11563     96.91132          1.55234
 
  2005       103.92684    100.05412     99.88115     99.73019          1.96913
 
  2006       100.19009    100.58670     97.21051    101.86538          1.70596
 
  2007        99.00104    100.00180    100.47281     99.36649          0.63695
 
  2008       100.64279     99.36210    100.78173     99.70672          0.61587
 
  2009        99.78645    100.05396    100.12653     99.81109          0.15828
 
  2010       100.06922    100.10315     99.80706    100.28571          0.18323
 
  2011        99.87523     99.85515    100.03828    100.35586          0.20288
 
  2012        99.43512    100.48422     99.54464    100.44696          0.49007
 
  2013        99.59784    100.57704     99.48405     99.88180          0.44014
 
  2014       100.76546     99.25599    100.26399    100.06224          0.55069
 
  2015       100.07830     97.70919    100.21556     99.94540          1.15145
 
  2016       100.17169     99.67574    100.56125     99.31955          0.47766
 
  2017       100.28953    100.06387     99.94988     99.96151          0.15158
 
  2018        99.64054    100.65425     99.35337    101.06687          0.72691
 
  2019        99.41977     99.75529    100.56557     99.42427          0.51183
 
  2020       100.26195    100.34923     96.75481    100.19289          1.64005
 
  2021       100.33523     99.36584    100.51922     99.57381          0.49137
 
  2022       100.22776    100.15916     99.64021    100.47079          0.32722
 
  2023        99.66497    100.20586                                    0.27805
 
  S.D.         0.81095      0.53795      0.87200      0.76692

  Table Total-         11395.48   Mean-          99.96   Std. Dev.-           0.76
                                  Min -          96.75        Max -         103.93
        X-13ARIMA-SEATS run of tp18cb58f8_e8fe_            PAGE  16, SERIES tp18cb58f8_e8fe_

 D 16  Combined adjustment factors
  From      1995.1 to 2023.2
  Observations        114
 ------------------------------------------------------------------------------
                  1st          2nd          3rd          4th            AVGE  
 ------------------------------------------------------------------------------
  1995       100.84695    101.72255     99.24329     98.18793        100.00018
 
  1996       100.84582    101.72238     99.24428     98.18922        100.00043
 
  1997       100.84187    101.72338     99.24624     98.19034        100.00046
 
  1998       100.83946    101.72290     99.24750     98.18787         99.99944
 
  1999       100.84422    101.72341     99.24243     98.18175         99.99795
 
  2000       100.85958    101.72781     99.22638     98.16070         99.99362
 
  2001       100.89409    101.74496     99.20244     98.12801         99.99237
 
  2002       100.92356    101.77438     99.17611     98.11054         99.99615
 
  2003       100.91235    101.82400     99.12432     98.25237        100.02826
 
  2004       100.72171    101.83570     99.18504     98.45122        100.04842
 
  2005       100.43889    101.74309     99.39828     98.73573        100.07900
 
  2006       100.00485    101.57664     99.74901     98.99693        100.08186
 
  2007        99.57603    101.38494    100.06004     99.35940        100.09510
 
  2008        99.10937    101.20007    100.31566     99.65517        100.07006
 
  2009        98.80182    101.07359    100.37203     99.96749        100.05373
 
  2010        98.58404    101.06716    100.22118    100.18612        100.01463
 
  2011        98.60352    101.06987     99.93902    100.39584        100.00206
 
  2012        98.71248    101.01807     99.75684    100.40697         99.97359
 
  2013        98.96341    100.89142     99.75656    100.22510         99.95912
 
  2014        99.21102    100.83790     99.84257     99.90083         99.94808
 
  2015        99.43291    100.87826     99.91965     99.62230         99.96328
 
  2016        99.52341    101.01068     99.96072     99.37684         99.96791
 
  2017        99.56589    101.23979     99.84728     99.23500         99.97199
 
  2018        99.65089    101.42203     99.66088     99.11447         99.96207
 
  2019        99.86287    101.52093     99.37183     99.14441         99.97501
 
  2020       100.08892    101.47508     99.19403     99.12857         99.97165
 
  2021       100.32368    101.42987     99.02747     99.14467         99.98142
 
  2022       100.50128    101.35409     98.96538     99.12393         99.98617
 
  2023       100.59824    101.31627                                  100.95726
 
  AVGE       100.00287    101.41487     99.55345     99.06285

  Table Total-         11402.37   Mean-         100.02   Std. Dev.-           1.07
                                  Min -          98.11        Max -         101.84

 D 16.A  Combined adjustment component forecasts
  From      2023.3 to 2024.2
  Observations          4
 ------------------------------------------------------------------------------
                  1st          2nd          3rd          4th            AVGE  
 ------------------------------------------------------------------------------
  2023                                  98.93434     99.11355         99.02395
 
  2024       100.64672    101.29736                                  100.97204
 
        X-13ARIMA-SEATS run of tp18cb58f8_e8fe_            PAGE  17, SERIES tp18cb58f8_e8fe_

 E 4  Ratios of annual totals
  From          1995 to 2022
  Observations         28
 -----------------------------------
  Year      Unmodified     Modified
                 (D11)         (E3)
 -----------------------------------
  1995        99.88546     99.88567
 
  1996        99.89039     99.89039
 
  1997        99.89619     99.89619
 
  1998        99.90134     99.90134
 
  1999        99.90613     99.90613
 
  2000        99.90775     99.90775
 
  2001        99.91220     99.91220
 
  2002        99.92340     99.92340
 
  2003        99.97083     99.97083
 
  2004       100.03850    100.02585
 
  2005       100.01571    100.01197
 
  2006       100.09348    100.09348
 
  2007       100.09005    100.09005
 
  2008       100.07424    100.07424
 
  2009       100.04928    100.04928
 
  2010       100.01889    100.01889
 
  2011       100.00175    100.00175
 
  2012        99.97863     99.97863
 
  2013        99.95777     99.95777
 
  2014        99.94424     99.94424
 
  2015        99.95659     99.96185
 
  2016        99.97063     99.97063
 
  2017        99.96830     99.96830
 
  2018        99.96287     99.96287
 
  2019        99.97261     99.97261
 
  2020        99.98311     99.97675
 
  2021        99.97042     99.97042
 
  2022        99.99482     99.99482
 
        X-13ARIMA-SEATS run of tp18cb58f8_e8fe_            PAGE  18, SERIES tp18cb58f8_e8fe_

 E 5  Quarter-to-quarter percent change in the original series
  From      1995.2 to 2023.2
  Observations        113
 ------------------------------------------------------------------------------
                  1st          2nd          3rd          4th            AVGE  
 ------------------------------------------------------------------------------
  1995                     10.00505      6.38925      7.87979          8.09137
 
  1996        11.81235      9.67238      6.02964      7.48864          8.75075
 
  1997        11.38630      9.22738      5.58734      7.03055          8.30789
 
  1998        10.90217      8.73262      5.10138      6.53110          7.81682
 
  1999        10.37711      8.19906      4.57866      5.99482          7.28741
 
  2000         9.81411      7.62844      4.01993      5.42158          6.72102
 
  2001         9.21196      7.01818      3.42072      4.80383          6.11367
 
  2002         8.55803      6.34859      2.75102      4.09384          5.43787
 
  2003         7.77498      5.50144      1.83270      3.01052          4.52991
 
  2004         6.40996      2.74006     -1.23120     -1.08282          1.70900
 
  2005        15.37166      4.12150      4.53909      7.22295          7.81380
 
  2006         9.13957      4.93672     -5.77237      0.62852          2.23311
 
  2007        -6.12762      0.88133      0.10569     -0.08960         -1.30755
 
  2008         2.82830      2.25735     -0.14160     -4.57320          0.09271
 
  2009        -4.27771      0.93445     -1.14027     -0.58248         -1.26650
 
  2010        -0.22188      3.57938     -0.47053      0.55561          0.86065
 
  2011        -2.50420      2.15566     -0.39975      0.72612         -0.00554
 
  2012        -2.83123      3.60466     -1.42610      1.83667          0.29600
 
  2013        -2.34420      1.56973     -3.76756      0.48817         -1.01346
 
  2014         0.03088     -0.22305      0.13403      0.13373          0.01890
 
  2015        -1.32483     -1.47764      1.94504     -0.20677         -0.26605
 
  2016        -0.54169      0.01859     -1.64399     -2.90230         -1.26735
 
  2017         1.30204      2.44893     -0.72604      1.02184          1.01169
 
  2018         3.41700      5.94761     -1.49654      0.18416          2.01306
 
  2019        -3.41099      0.26455     -1.22055     -0.82708         -1.29852
 
  2020         2.73881      1.52854     -6.63363      3.33159          0.24133
 
  2021         1.21606      0.12742     -0.18374      1.05242          0.55304
 
  2022         3.69282      1.28813     -3.73642     -1.00257          0.06049
 
  2023        -2.27139     -2.06371                                   -2.16755
 
  AVGE         3.57601      3.68874      0.58729      2.07749

  Table Total-           281.72   Mean-           2.49   Std. Dev.-           4.99
                                  Min -          -6.63        Max -          15.37
        X-13ARIMA-SEATS run of tp18cb58f8_e8fe_            PAGE  19, SERIES tp18cb58f8_e8fe_

 E 6  Quarter-to-quarter percent change in seasonally adjusted series (D11)
  From      1995.2 to 2023.2
  Observations        113
 ------------------------------------------------------------------------------
                  1st          2nd          3rd          4th            AVGE  
 ------------------------------------------------------------------------------
  1995                      9.05816      9.04704      9.03932          9.04817
 
  1996         8.86543      8.72731      8.67716      8.64362          8.72838
 
  1997         8.45628      8.28084      8.22276      8.18151          8.28535
 
  1998         7.98869      7.78830      7.72279      7.68077          7.79514
 
  1999         7.46965      7.26389      7.19305      7.13991          7.26663
 
  2000         6.89853      6.70985      6.64220      6.56609          6.70417
 
  2001         6.25323      6.12321      6.07135      5.95136          6.09979
 
  2002         5.55100      5.45954      5.44295      5.22439          5.41947
 
  2003         4.78263      4.55686      4.60615      3.92470          4.46758
 
  2004         3.80116      1.61618      1.40834     -0.34553          1.62004
 
  2005        13.08847      2.78681      7.00517      7.94245          7.70572
 
  2006         7.75452      3.31294     -4.04590      1.39300          2.10364
 
  2007        -6.67355     -0.91859      1.43118      0.61493         -1.38651
 
  2008         3.08772      0.14480      0.73878     -3.94074          0.00764
 
  2009        -3.45096     -1.33419     -0.44928     -0.18016         -1.35365
 
  2010         1.17833      1.03454      0.36962      0.59081          0.79332
 
  2011        -0.93938     -0.33719      0.72727      0.26780         -0.07038
 
  2012        -1.17420      1.24004     -0.17983      1.17728          0.26582
 
  2013        -0.91972     -0.37124     -2.67279      0.01841         -0.98634
 
  2014         1.05334     -1.83282      1.13227      0.07534          0.10703
 
  2015        -0.86048     -2.88923      2.92308      0.09109         -0.18389
 
  2016        -0.44286     -1.45407     -0.61089     -2.33182         -1.20991
 
  2017         1.10970      0.75504      0.65847      1.64515          1.04209
 
  2018         2.98539      4.09744      0.24416      0.73647          2.01586
 
  2019        -4.13487     -1.37298      0.91573     -0.59960         -1.29793
 
  2020         1.76931      0.14165     -4.48659      3.39982          0.20605
 
  2021         0.01033     -0.96456      2.23779      0.93297          0.55413
 
  2022         2.29313      0.43587     -1.41292     -1.16091          0.03879
 
  2023        -3.70365     -2.75779                                   -3.23072
 
  AVGE         2.57490      2.25175      2.48425      2.59566

  Table Total-           279.64   Mean-           2.47   Std. Dev.-           4.67
                                  Min -          -6.67        Max -          13.09
        X-13ARIMA-SEATS run of tp18cb58f8_e8fe_            PAGE  20, SERIES tp18cb58f8_e8fe_

 E 7  Quarter-to-quarter percent change in final trend cycle (D12)
  From      1995.2 to 2023.2
  Observations        113
 ------------------------------------------------------------------------------
                  1st          2nd          3rd          4th            AVGE  
 ------------------------------------------------------------------------------
  1995                      9.52926      8.93315      8.93022          9.13088
 
  1996         8.86957      8.73916      8.68742      8.61911          8.72881
 
  1997         8.45744      8.29582      8.23092      8.15895          8.28578
 
  1998         7.98553      7.80652      7.73213      7.65408          7.79457
 
  1999         7.46968      7.28182      7.20293      7.10677          7.26530
 
  2000         6.90810      6.72493      6.65294      6.51669          6.70066
 
  2001         6.28882      6.13788      6.03453      5.86088          6.08053
 
  2002         5.64046      5.50579      5.41908      5.18726          5.43815
 
  2003         4.80696      4.64160      4.43549      4.21900          4.52576
 
  2004         3.30185      1.95561      1.24618      2.94948          2.36328
 
  2005         5.45451      6.76530      7.19047      8.10584          6.87903
 
  2006         7.25990      2.90558     -0.71335     -3.24029          1.55296
 
  2007        -3.97339     -1.91014      0.95568      1.73514         -0.79818
 
  2008         1.78042      1.43558     -0.68024     -2.90506         -0.09232
 
  2009        -3.52810     -1.59799     -0.52144      0.13531         -1.37806
 
  2010         0.91734      1.00029      0.66737      0.11070          0.67393
 
  2011        -0.53224     -0.31715      0.54287     -0.04950         -0.08900
 
  2012        -0.25910      0.18305      0.76235      0.26840          0.23867
 
  2013        -0.07500     -1.34121     -1.60350     -0.37989         -0.84990
 
  2014         0.16715     -0.33990      0.11554      0.27711          0.05498
 
  2015        -0.87639     -0.53464      0.34900      0.36164         -0.17509
 
  2016        -0.66777     -0.96373     -1.48609     -1.11076         -1.05709
 
  2017         0.13178      0.98226      0.77327      1.63333          0.88016
 
  2018         3.31714      3.04904      1.55670     -0.97143          1.73786
 
  2019        -2.54666     -1.70471      0.10263      0.54143         -0.90183
 
  2020         0.91903      0.05455     -0.93828     -0.14831         -0.02825
 
  2021        -0.13155      0.00161      1.06469      1.89127          0.70651
 
  2022         1.62571      0.50466     -0.89946     -1.97800         -0.18677
 
  2023        -2.92507     -3.28269                                   -3.10388
 
  AVGE         2.34950      2.46580      2.56475      2.48141

  Table Total-           278.59   Mean-           2.47   Std. Dev.-           4.45
                                  Min -          -3.97        Max -           9.53
        X-13ARIMA-SEATS run of tp18cb58f8_e8fe_            PAGE  21, SERIES tp18cb58f8_e8fe_

 E 8  Quarter-to-quarter percent change in original series adjusted for calendar factors (A18)
  From      1995.2 to 2023.2
  Observations        113
 ------------------------------------------------------------------------------
                  1st          2nd          3rd          4th            AVGE  
 ------------------------------------------------------------------------------
  1995                     10.00505      6.38925      7.87979          8.09137
 
  1996        11.81235      9.67238      6.02964      7.48864          8.75075
 
  1997        11.38630      9.22738      5.58734      7.03055          8.30789
 
  1998        10.90217      8.73262      5.10138      6.53110          7.81682
 
  1999        10.37711      8.19906      4.57866      5.99482          7.28741
 
  2000         9.81411      7.62844      4.01993      5.42158          6.72102
 
  2001         9.21196      7.01818      3.42072      4.80383          6.11367
 
  2002         8.55803      6.34859      2.75102      4.09384          5.43787
 
  2003         7.77498      5.50144      1.83270      3.01052          4.52991
 
  2004         6.40996      2.74006     -1.23120     -1.08282          1.70900
 
  2005        15.37166      4.12150      4.53909      7.22295          7.81380
 
  2006         9.13957      4.93672     -5.77237      0.62852          2.23311
 
  2007        -6.12762      0.88133      0.10569     -0.08960         -1.30755
 
  2008         2.82830      2.25735     -0.14160     -4.57320          0.09271
 
  2009        -4.27771      0.93445     -1.14027     -0.58248         -1.26650
 
  2010        -0.22188      3.57938     -0.47053      0.55561          0.86065
 
  2011        -2.50420      2.15566     -0.39975      0.72612         -0.00554
 
  2012        -2.83123      3.60466     -1.42610      1.83667          0.29600
 
  2013        -2.34420      1.56973     -3.76756      0.48817         -1.01346
 
  2014         0.03088     -0.22305      0.13403      0.13373          0.01890
 
  2015        -1.32483     -1.47764      1.94504     -0.20677         -0.26605
 
  2016        -0.54169      0.01859     -1.64399     -2.90230         -1.26735
 
  2017         1.30204      2.44893     -0.72604      1.02184          1.01169
 
  2018         3.41700      5.94761     -1.49654      0.18416          2.01306
 
  2019        -3.41099      0.26455     -1.22055     -0.82708         -1.29852
 
  2020         2.73881      1.52854     -6.63363      3.33159          0.24133
 
  2021         1.21606      0.12742     -0.18374      1.05242          0.55304
 
  2022         3.69282      1.28813     -3.73642     -1.00257          0.06049
 
  2023        -2.27139     -2.06371                                   -2.16755
 
  AVGE         3.57601      3.68874      0.58729      2.07749

  Table Total-           281.72   Mean-           2.49   Std. Dev.-           4.99
                                  Min -          -6.63        Max -          15.37
        X-13ARIMA-SEATS run of tp18cb58f8_e8fe_            PAGE  22, SERIES tp18cb58f8_e8fe_

 E 18  Final adjustment ratios
  From      1995.1 to 2023.2
  Observations        114
 ------------------------------------------------------------------------------
                  1st          2nd          3rd          4th            AVGE  
 ------------------------------------------------------------------------------
  1995       100.84695    101.72255     99.24329     98.18793        100.00018
 
  1996       100.84582    101.72238     99.24428     98.18922        100.00043
 
  1997       100.84187    101.72338     99.24624     98.19034        100.00046
 
  1998       100.83946    101.72290     99.24750     98.18787         99.99944
 
  1999       100.84422    101.72341     99.24243     98.18175         99.99795
 
  2000       100.85958    101.72781     99.22638     98.16070         99.99362
 
  2001       100.89409    101.74496     99.20244     98.12801         99.99237
 
  2002       100.92356    101.77438     99.17611     98.11054         99.99615
 
  2003       100.91235    101.82400     99.12432     98.25237        100.02826
 
  2004       100.72171    101.83570     99.18504     98.45122        100.04842
 
  2005       100.43889    101.74309     99.39828     98.73573        100.07900
 
  2006       100.00485    101.57664     99.74901     98.99693        100.08186
 
  2007        99.57603    101.38494    100.06004     99.35940        100.09510
 
  2008        99.10937    101.20007    100.31566     99.65517        100.07006
 
  2009        98.80182    101.07359    100.37203     99.96749        100.05373
 
  2010        98.58404    101.06716    100.22118    100.18612        100.01463
 
  2011        98.60352    101.06987     99.93902    100.39584        100.00206
 
  2012        98.71248    101.01807     99.75684    100.40697         99.97359
 
  2013        98.96341    100.89142     99.75656    100.22510         99.95912
 
  2014        99.21102    100.83790     99.84257     99.90083         99.94808
 
  2015        99.43291    100.87826     99.91965     99.62230         99.96328
 
  2016        99.52341    101.01068     99.96072     99.37684         99.96791
 
  2017        99.56589    101.23979     99.84728     99.23500         99.97199
 
  2018        99.65089    101.42203     99.66088     99.11447         99.96207
 
  2019        99.86287    101.52093     99.37183     99.14441         99.97501
 
  2020       100.08892    101.47508     99.19403     99.12857         99.97165
 
  2021       100.32368    101.42987     99.02747     99.14467         99.98142
 
  2022       100.50128    101.35409     98.96538     99.12393         99.98617
 
  2023       100.59824    101.31627                                  100.95726
 
  AVGE       100.00287    101.41487     99.55345     99.06285

  Table Total-         11402.37   Mean-         100.02   Std. Dev.-           1.07
                                  Min -          98.11        Max -         101.84
        X-13ARIMA-SEATS run of tp18cb58f8_e8fe_            PAGE  23, SERIES tp18cb58f8_e8fe_


 F 2. Summary Measures
   F 2.A: Average percent change without regard to sign over the
          indicated span
      Span
       in      A1     D11     D13     D12     D10      A2     D18      F1
   quarters    O      CI       I       C       S       P     TD&H     qcd
        1    3.75    3.52    0.73    3.26    1.36    0.00    0.00    3.52
        2    6.88    6.70    0.55    6.54    1.74    0.00    0.00    6.70
        3   10.05    9.89    0.61    9.77    1.39    0.00    0.00    9.89
        4   13.12   13.12    0.64   12.98    0.12    0.00    0.00   13.12

      Span
       in     E1      E2      E3
   quarters  Mod.O   Mod.CI  Mod.I
        1    3.65    3.41    0.50
        2    6.74    6.60    0.32
        3    9.98    9.81    0.40
        4   13.04   13.04    0.44

   F 2.B: Relative contributions to the variance of the percent change
          in the components of the original series
      Span
       in     E3     D12     D10      A2     D18            RATIO
   quarters   I       C       S       P     TD&H    TOTAL   (X100)
        1    1.97   83.52   14.51    0.00    0.00  100.00   95.79
        2    0.22   93.16    6.62    0.00    0.00  100.00  100.85
        3    0.17   97.86    1.97    0.00    0.00  100.00   97.80
        4    0.11   99.88    0.01    0.00    0.00  100.00   99.21

   F 2.C: Average percent change with regard to sign and standard
          deviation over indicated span
      Span        A1               D13              D12
       in          O                I                C
   quarters   Avg.    S.D.     Avg.    S.D.     Avg.    S.D.
        1     2.49    4.32     0.01    1.33     2.47    3.71
        2     5.13    7.93     0.00    1.04     5.11    7.51
        3     7.94   11.55     0.01    1.06     7.93   11.40
        4    10.90   15.42     0.01    1.11    10.90   15.40

      Span        D10              D11               F1
       in          S                CI              qcd
   quarters   Avg.    S.D.     Avg.    S.D.     Avg.    S.D.
        1     0.02    1.58     2.47    3.96     2.47    3.96
        2     0.01    2.03     5.11    7.61     5.11    7.61
        3     0.01    1.60     7.93   11.44     7.93   11.44
        4     0.00    0.17    10.90   15.42    10.90   15.42

   F 2.D: Average duration of run        CI      I       C      qcd
                                        3.53    1.38    5.14    3.53


   F 2.E: I/C Ratio for quarters span

      SPAN         1       2       3       4
      I/C        0.22    0.08    0.06    0.05

       quarters for cyclical dominance:       1


   F 2.F: Relative contribution of the components to the stationary
          portion of the variance in the original series

                   I       C       S       P     TD&H   Total
                  0.01  100.21    0.05    0.00    0.00  100.27


   F 2.G: The autocorrelation of the irregulars for spans 1 to  6

      SPAN         1       2       3       4       5       6
      ACF       -0.50    0.08    0.04   -0.04    0.08   -0.23

   F 2.H: The final I/C Ratio from Table D12:        0.15
          The final I/S Ratio from Table D10:        3.51

   F 2.I:                                                    Statistic   Prob.
                                                                         level
    F-test for stable seasonality from Table B 1.        :     15.348    0.00%
    F-test for stable seasonality from Table D 8.        :     25.143    0.00%
    Kruskal-Wallis Chi Squared test
                  for stable seasonality from Table D 8. :     54.258    0.00%
    F-test for moving seasonality from Table D 8.        :      1.466    9.68%

        X-13ARIMA-SEATS run of tp18cb58f8_e8fe_            PAGE  24, SERIES tp18cb58f8_e8fe_


 F 3. Monitoring and Quality Assessment Statistics
       All the measures below are in the range from 0 to 3 with an 
       acceptance region from 0 to 1.

    1. The relative contribution of the irregular over one         M1  =  0.197
       quarter span (from Table F 2.B).


    2. The relative contribution of the irregular component        M2  =  0.001
       to the stationary portion of the variance (from Table 
       F 2.F).

    3. The amount of quarter to quarter change in the irregular    M3  =  0.000
       component as compared to the amount of quarter to quarter
       change in the trend-cycle (from Table F2.H).

    4. The amount of autocorrelation in the irregular as           M4  =  0.550
       described by the average duration of run (Table F 2.D).


    5. The number of quarters it takes the change in the trend-    M5  =  0.200
       cycle to surpass the amount of change in the irregular
       (from Table F 2.E).

    6. The amount of year to year change in the irregular as       M6  =  0.195
       compared to the amount of year to year change in the
       seasonal (from Table F 2.H).

    7. The amount of moving seasonality present relative to        M7  =  0.476
       the amount of stable seasonality (from Table F 2.I).


    8. The size of the fluctuations in the seasonal component      M8  =  1.136
       throughout the whole series.


    9. The average linear movement in the seasonal component       M9  =  0.159
       throughout the whole series.


   10. Same as 8, calculated for recent years only.                M10 =  1.308



   11. Same as 9, calculated for recent years only.                M11 =  1.120


          *** ACCEPTED *** at the level   0.38

          *** Check the  3 above measures which failed.

          *** Q (without M2) =  0.43  ACCEPTED.



  QS statistic for seasonality:
  Original Series                                    14.30  (P-Value =     0.0008)
  Original Series (EV adj)                           14.30  (P-Value =     0.0008)
  Residuals                                           0.00  (P-Value =     1.0000)
  Seasonally Adjusted Series                          0.00  (P-Value =     1.0000)
  Seasonally Adjusted Series (EV adj)                 0.00  (P-Value =     1.0000)
  Irregular Series                                    0.00  (P-Value =     1.0000)
  Irregular Series (EV adj)                           0.00  (P-Value =     1.0000)

  QS statistic for seasonality (starting 1999.3):
  Original Series                                    11.82  (P-Value =     0.0027)
  Original Series (EV adj)                           11.82  (P-Value =     0.0027)
  Residuals                                           0.00  (P-Value =     1.0000)
  Seasonally Adjusted Series                          0.00  (P-Value =     1.0000)
  Seasonally Adjusted Series (EV adj)                 0.00  (P-Value =     1.0000)
  Irregular Series                                    0.00  (P-Value =     1.0000)
  Irregular Series (EV adj)                           0.00  (P-Value =     1.0000)
